// Jest Snapshot v1, https://goo.gl/fbAQLP

exports[`MainScreen Component MainScreen correctly renders 1`] = `
<div
  className="page page--gray page--main"
>
  <main
    className="page__main page__main--index"
  >
    <h1
      className="visually-hidden"
    >
      Cities
    </h1>
    <CitiesList
      changeCity={[MockFunction]}
      changeSorting={[MockFunction]}
      cities={
        Array [
          "Amsterdam",
          "Amsterdam2",
        ]
      }
      city="Amsterdam"
    />
    <div
      className="cities__places-wrapper"
    >
      <div
        className="cities__places-container container"
      >
        <section
          className="cities__places places"
        >
          <h2
            className="visually-hidden"
          >
            Places
          </h2>
          <b
            className="places__found"
          >
            1
             
            place
             to stay in 
            Amsterdam
          </b>
          <WithOpening
            activeOption={
              Object {
                "id": "popular",
                "text": "test",
              }
            }
            onChange={[MockFunction]}
            options={
              Array [
                Object {
                  "id": "popular",
                  "text": "test",
                },
              ]
            }
          />
          <PlacesList
            classHelper="cities"
            places={
              Array [
                Object {
                  "coordinates": Array [
                    100,
                    100,
                  ],
                  "id": 1,
                  "img": "apartment-01.jpg",
                  "isFavorite": true,
                  "isPremium": true,
                  "price": 120,
                  "rating": 93,
                  "title": "Beautiful & luxurious apartment at great location",
                  "type": "apartment",
                },
              ]
            }
            setActiveItem={[MockFunction]}
          />
        </section>
        <div
          className="cities__right-section"
        >
          <PlacesMap
            activeItem={Object {}}
            city="Amsterdam"
            className="cities"
            places={
              Array [
                Object {
                  "coordinates": Array [
                    100,
                    100,
                  ],
                  "id": 1,
                  "img": "apartment-01.jpg",
                  "isFavorite": true,
                  "isPremium": true,
                  "price": 120,
                  "rating": 93,
                  "title": "Beautiful & luxurious apartment at great location",
                  "type": "apartment",
                },
              ]
            }
          />
        </div>
      </div>
    </div>
  </main>
</div>
`;
