// Jest Snapshot v1, https://goo.gl/fbAQLP

exports[`Favorites Component Favorites correctly renders 1`] = `
<Fragment>
  <main
    className="page__main page__main--favorites"
  >
    <div
      className="page__favorites-container container"
    >
      <section
        className="favorites"
      >
        <h1
          className="favorites__title"
        >
          Saved listing
        </h1>
        <ul
          className="favorites__list"
        >
          <li
            className="favorites__locations-items"
            key="0"
          >
            <div
              className="favorites__locations locations locations--current"
            >
              <div
                className="locations__item"
              >
                <a
                  className="locations__item-link"
                  href="#"
                >
                  <span>
                    Amsterdam
                  </span>
                </a>
              </div>
            </div>
            <PlacesList
              classHelper="favorites"
              places={
                Array [
                  Object {
                    "city": "Amsterdam",
                    "coordinates": Array [
                      100,
                      100,
                    ],
                    "id": 1,
                    "img": "apartment-01.jpg",
                    "isFavorite": true,
                    "isPremium": true,
                    "price": 120,
                    "rating": 93,
                    "title": "Beautiful & luxurious apartment at great location",
                    "type": "apartment",
                  },
                ]
              }
            />
          </li>
        </ul>
      </section>
    </div>
  </main>
  <FavoritesFooter />
</Fragment>
`;
